../drivers/Src/stm32f407xx_usart_driver.c:26:6:USART_PeriClockControl	16	static
../drivers/Src/stm32f407xx_usart_driver.c:96:6:USART_SetBaudRate	40	static
../drivers/Src/stm32f407xx_usart_driver.c:171:6:USART_Init	24	static
../drivers/Src/stm32f407xx_usart_driver.c:283:6:USART_DeInit	16	static
../drivers/Src/stm32f407xx_usart_driver.c:325:6:USART_SendData	32	static
../drivers/Src/stm32f407xx_usart_driver.c:385:6:USART_ReceiveData	32	static
../drivers/Src/stm32f407xx_usart_driver.c:460:9:USART_SendDataIT	32	static
../drivers/Src/stm32f407xx_usart_driver.c:496:9:USART_ReceiveDataIT	32	static
../drivers/Src/stm32f407xx_usart_driver.c:531:6:USART_IRQInterruptConfig	16	static
../drivers/Src/stm32f407xx_usart_driver.c:591:6:USART_IRQPriorityConfig	24	static
../drivers/Src/stm32f407xx_usart_driver.c:614:6:USART_IRQHandling	40	static
../drivers/Src/stm32f407xx_usart_driver.c:940:6:USART_PeripheralControl	16	static
../drivers/Src/stm32f407xx_usart_driver.c:961:9:USART_GetFlagStatus	16	static
../drivers/Src/stm32f407xx_usart_driver.c:984:6:USART_ClearFlag	16	static
../drivers/Src/stm32f407xx_usart_driver.c:1003:13:USART_ApplicationEventCallback	16	static
