../drivers/Src/stm32f407xx_spi_driver.c:26:6:SPI_PeriClockControl	16	static
../drivers/Src/stm32f407xx_spi_driver.c:98:6:SPI_Init	24	static
../drivers/Src/stm32f407xx_spi_driver.c:163:6:SPI_DeInit	16	static
../drivers/Src/stm32f407xx_spi_driver.c:192:9:SPI_GetFlagStatus	16	static
../drivers/Src/stm32f407xx_spi_driver.c:216:6:SPI_SendData	24	static
../drivers/Src/stm32f407xx_spi_driver.c:257:6:SPI_ReceiveData	24	static
../drivers/Src/stm32f407xx_spi_driver.c:298:9:SPI_SendDataIT	32	static
../drivers/Src/stm32f407xx_spi_driver.c:337:9:SPI_ReceiveDataIT	32	static
../drivers/Src/stm32f407xx_spi_driver.c:377:6:SPI_IRQInterruptConfig	16	static
../drivers/Src/stm32f407xx_spi_driver.c:437:6:SPI_IRQPriorityConfig	24	static
../drivers/Src/stm32f407xx_spi_driver.c:458:6:SPI_IRQHandling	16	static
../drivers/Src/stm32f407xx_spi_driver.c:476:6:SPI_PeripheralControl	16	static
../drivers/Src/stm32f407xx_spi_driver.c:497:6:SPI_SSIConfig	16	static
../drivers/Src/stm32f407xx_spi_driver.c:519:6:SPI_SSOEConfig	16	static
