../Src/014i2c_slave_tx_string2.c:43:6:delay	16	static
../Src/014i2c_slave_tx_string2.c:55:6:I2C1_GPIOInits	24	static
../Src/014i2c_slave_tx_string2.c:78:6:I2C1_Inits	8	static
../Src/014i2c_slave_tx_string2.c:90:6:GPIO_ButtonInit	24	static
../Src/014i2c_slave_tx_string2.c:106:5:main	8	static
../Src/014i2c_slave_tx_string2.c:136:6:I2C1_EV_IRQHandler	8	static
../Src/014i2c_slave_tx_string2.c:144:6:I2C1_ER_IRQHandler	8	static
../Src/014i2c_slave_tx_string2.c:151:6:I2C_ApplicationEventCallback	16	static
